[2026-09-01 15:34:27,166] INFO - Orchestrator: DocumentAnalyzer initialized with multi-layer forensic weights.
[2026-09-01 15:34:27,167] INFO - Orchestrator: ============================================================
[2026-09-01 15:34:27,170] INFO - Orchestrator: Starting analysis for Aadhaar Card
[2026-09-01 15:34:27,172] INFO - Orchestrator: Image path: temp_doc.jpg
[2026-09-01 15:34:27,174] INFO - Orchestrator: ============================================================
[2026-09-01 15:34:27,176] INFO - Orchestrator: [STEP 1/5] Running OCR extraction engine...
[2026-09-01 15:35:29,782] WARNING - easyocr.easyocr: Using CPU. Note: This module is much faster with a GPU.
[2026-09-01 15:36:44,275] INFO - Orchestrator: [STEP 2/5] Running digital tampering analysis...
[2026-09-01 15:36:44,406] INFO - Orchestrator: [STEP 3/5] Validating mathematical checksum...
[2026-09-01 15:36:44,416] INFO - Orchestrator: [STEP 4/5] Cross-checking Secure QR Code payload...
[2026-09-01 15:36:44,730] INFO - Orchestrator: [STEP 5/5] Running typography and pattern heuristics...
[2026-09-01 15:49:36,007] INFO - Orchestrator: DocumentAnalyzer initialized with multi-layer forensic weights.
[2026-09-01 15:49:36,008] INFO - Orchestrator: ============================================================
[2026-09-01 15:49:36,009] INFO - Orchestrator: Starting analysis for Aadhaar Card
[2026-09-01 15:49:36,010] INFO - Orchestrator: Image path: temp_doc.jpg
[2026-09-01 15:49:36,010] INFO - Orchestrator: ============================================================
[2026-09-01 15:49:36,011] INFO - Orchestrator: [STEP 1/5] Running OCR extraction engine...
[2026-09-01 15:49:46,163] WARNING - easyocr.easyocr: Using CPU. Note: This module is much faster with a GPU.
[2026-09-01 15:50:59,667] INFO - Orchestrator: [STEP 2/5] Running digital tampering analysis...
[2026-09-01 15:50:59,748] INFO - Orchestrator: [STEP 3/5] Validating mathematical checksum...
[2026-09-01 15:50:59,750] INFO - Orchestrator: [STEP 4/5] Cross-checking Secure QR Code payload...
[2026-09-01 15:51:02,073] INFO - Orchestrator: [STEP 5/5] Running typography and pattern heuristics...
[2026-09-01 15:53:12,278] INFO - Orchestrator: DocumentAnalyzer initialized with multi-layer forensic weights.
[2026-09-01 15:53:12,278] INFO - Orchestrator: ============================================================
[2026-09-01 15:53:12,279] INFO - Orchestrator: Starting analysis for Aadhaar Card
[2026-09-01 15:53:12,279] INFO - Orchestrator: Image path: temp_doc.jpg
[2026-09-01 15:53:12,279] INFO - Orchestrator: ============================================================
[2026-09-01 15:53:12,279] INFO - Orchestrator: [STEP 1/5] Running OCR extraction engine...
[2026-09-01 15:54:14,187] INFO - Orchestrator: [STEP 2/5] Running digital tampering analysis...
[2026-09-01 15:54:14,285] INFO - Orchestrator: [STEP 3/5] Validating mathematical checksum...
[2026-09-01 15:54:14,287] INFO - Orchestrator: [STEP 4/5] Cross-checking Secure QR Code payload...
[2026-09-01 15:54:14,380] INFO - Orchestrator: [STEP 5/5] Running typography and pattern heuristics...
[2026-09-01 15:56:02,368] INFO - Orchestrator: DocumentAnalyzer initialized with multi-layer forensic weights.
[2026-09-01 15:56:02,370] INFO - Orchestrator: ============================================================
[2026-09-01 15:56:02,370] INFO - Orchestrator: Starting analysis for Aadhaar Card
[2026-09-01 15:56:02,371] INFO - Orchestrator: Image path: temp_doc.jpg
[2026-09-01 15:56:02,372] INFO - Orchestrator: ============================================================
[2026-09-01 15:56:02,372] INFO - Orchestrator: [STEP 1/5] Running OCR extraction engine...
[2026-09-01 15:56:02,377] WARNING - easyocr.easyocr: Using CPU. Note: This module is much faster with a GPU.
[2026-09-01 15:57:13,672] INFO - Orchestrator: [STEP 2/5] Running digital tampering analysis...
[2026-09-01 15:57:13,804] INFO - Orchestrator: [STEP 3/5] Validating mathematical checksum...
[2026-09-01 15:57:13,810] INFO - Orchestrator: [STEP 4/5] Cross-checking Secure QR Code payload...
[2026-09-01 15:57:13,921] INFO - Orchestrator: [STEP 5/5] Running typography and pattern heuristics...
[2026-09-01 15:57:43,209] INFO - Orchestrator: DocumentAnalyzer initialized with multi-layer forensic weights.
[2026-09-01 15:57:43,210] INFO - Orchestrator: ============================================================
[2026-09-01 15:57:43,210] INFO - Orchestrator: Starting analysis for Aadhaar Card
[2026-09-01 15:57:43,210] INFO - Orchestrator: Image path: temp_doc.jpg
[2026-09-01 15:57:43,210] INFO - Orchestrator: ============================================================
[2026-09-01 15:57:43,211] INFO - Orchestrator: [STEP 1/5] Running OCR extraction engine...
[2026-09-01 15:58:45,800] INFO - Orchestrator: [STEP 2/5] Running digital tampering analysis...
[2026-09-01 15:58:45,883] INFO - Orchestrator: [STEP 3/5] Validating mathematical checksum...
[2026-09-01 15:58:45,884] INFO - Orchestrator: [STEP 4/5] Cross-checking Secure QR Code payload...
[2026-09-01 15:58:45,974] INFO - Orchestrator: [STEP 5/5] Running typography and pattern heuristics...
[2026-09-01 16:00:44,508] INFO - Orchestrator: DocumentAnalyzer initialized with multi-layer forensic weights.
[2026-09-01 16:00:44,509] INFO - Orchestrator: ============================================================
[2026-09-01 16:00:44,510] INFO - Orchestrator: Starting analysis for Aadhaar Card
[2026-09-01 16:00:44,510] INFO - Orchestrator: Image path: temp_doc.jpg
[2026-09-01 16:00:44,512] INFO - Orchestrator: ============================================================
[2026-09-01 16:00:44,512] INFO - Orchestrator: [STEP 1/5] Running OCR extraction engine...
[2026-09-01 16:00:57,049] INFO - Orchestrator: [STEP 2/5] Running digital tampering analysis...
[2026-09-01 16:00:57,071] INFO - Orchestrator: [STEP 3/5] Validating mathematical checksum...
[2026-09-01 16:00:57,072] INFO - Orchestrator: [STEP 4/5] Cross-checking Secure QR Code payload...
[2026-09-01 16:00:57,090] INFO - Orchestrator: [STEP 5/5] Running typography and pattern heuristics...
[2026-09-01 16:03:42,487] INFO - Orchestrator: DocumentAnalyzer initialized with multi-layer forensic weights.
[2026-09-01 16:03:42,488] INFO - Orchestrator: ============================================================
[2026-09-01 16:03:42,488] INFO - Orchestrator: Starting analysis for Aadhaar Card
[2026-09-01 16:03:42,490] INFO - Orchestrator: Image path: temp_doc.jpg
[2026-09-01 16:03:42,491] INFO - Orchestrator: ============================================================
[2026-09-01 16:03:42,492] INFO - Orchestrator: [STEP 1/5] Running OCR extraction engine...
[2026-09-01 16:03:42,753] INFO - Orchestrator: DocumentAnalyzer initialized with multi-layer forensic weights.
[2026-09-01 16:03:42,754] INFO - Orchestrator: ============================================================
[2026-09-01 16:03:42,755] INFO - Orchestrator: Starting analysis for Aadhaar Card
[2026-09-01 16:03:42,755] INFO - Orchestrator: Image path: temp_doc.jpg
[2026-09-01 16:03:42,756] INFO - Orchestrator: ============================================================
[2026-09-01 16:03:42,756] INFO - Orchestrator: [STEP 1/5] Running OCR extraction engine...
[2026-09-01 16:04:05,311] INFO - Orchestrator: [STEP 2/5] Running digital tampering analysis...
[2026-09-01 16:04:05,332] INFO - Orchestrator: [STEP 3/5] Validating mathematical checksum...
[2026-09-01 16:04:05,334] INFO - Orchestrator: [STEP 4/5] Cross-checking Secure QR Code payload...
[2026-09-01 16:04:05,353] INFO - Orchestrator: [STEP 5/5] Running typography and pattern heuristics...
[2026-09-01 16:04:05,897] INFO - Orchestrator: [STEP 2/5] Running digital tampering analysis...
[2026-09-01 16:04:05,922] INFO - Orchestrator: [STEP 3/5] Validating mathematical checksum...
[2026-09-01 16:04:05,925] INFO - Orchestrator: [STEP 4/5] Cross-checking Secure QR Code payload...
[2026-09-01 16:04:05,943] INFO - Orchestrator: [STEP 5/5] Running typography and pattern heuristics...
[2026-09-01 16:05:11,672] INFO - Orchestrator: DocumentAnalyzer initialized with multi-layer forensic weights.
[2026-09-01 16:05:11,673] INFO - Orchestrator: ============================================================
[2026-09-01 16:05:11,673] INFO - Orchestrator: Starting analysis for Aadhaar Card
[2026-09-01 16:05:11,674] INFO - Orchestrator: Image path: temp_doc.jpg
[2026-09-01 16:05:11,674] INFO - Orchestrator: ============================================================
[2026-09-01 16:05:11,674] INFO - Orchestrator: [STEP 1/5] Running OCR extraction engine...
[2026-09-01 16:06:15,902] INFO - Orchestrator: [STEP 2/5] Running digital tampering analysis...
[2026-09-01 16:06:15,988] INFO - Orchestrator: [STEP 3/5] Validating mathematical checksum...
[2026-09-01 16:06:15,989] INFO - Orchestrator: [STEP 4/5] Cross-checking Secure QR Code payload...
[2026-09-01 16:06:16,084] INFO - Orchestrator: [STEP 5/5] Running typography and pattern heuristics...
[2026-09-01 16:07:18,227] INFO - Orchestrator: DocumentAnalyzer initialized with multi-layer forensic weights.
[2026-09-01 16:07:18,228] INFO - Orchestrator: ============================================================
[2026-09-01 16:07:18,228] INFO - Orchestrator: Starting analysis for Aadhaar Card
[2026-09-01 16:07:18,229] INFO - Orchestrator: Image path: temp_doc.jpg
[2026-09-01 16:07:18,229] INFO - Orchestrator: ============================================================
[2026-09-01 16:07:18,230] INFO - Orchestrator: [STEP 1/5] Running OCR extraction engine...
[2026-09-01 16:08:19,284] INFO - Orchestrator: [STEP 2/5] Running digital tampering analysis...
[2026-09-01 16:08:19,357] INFO - Orchestrator: [STEP 3/5] Validating mathematical checksum...
[2026-09-01 16:08:19,358] INFO - Orchestrator: [STEP 4/5] Cross-checking Secure QR Code payload...
[2026-09-01 16:08:19,469] INFO - Orchestrator: [STEP 5/5] Running typography and pattern heuristics...
[2026-09-01 16:08:49,013] INFO - Orchestrator: DocumentAnalyzer initialized with multi-layer forensic weights.
[2026-09-01 16:08:49,015] INFO - Orchestrator: ============================================================
[2026-09-01 16:08:49,017] INFO - Orchestrator: Starting analysis for Aadhaar Card
[2026-09-01 16:08:49,017] INFO - Orchestrator: Image path: temp_doc.jpg
[2026-09-01 16:08:49,018] INFO - Orchestrator: ============================================================
[2026-09-01 16:08:49,018] INFO - Orchestrator: [STEP 1/5] Running OCR extraction engine...
[2026-09-01 16:08:49,119] INFO - Orchestrator: DocumentAnalyzer initialized with multi-layer forensic weights.
[2026-09-01 16:08:49,120] INFO - Orchestrator: ============================================================
[2026-09-01 16:08:49,120] INFO - Orchestrator: Starting analysis for Aadhaar Card
[2026-09-01 16:08:49,120] INFO - Orchestrator: Image path: temp_doc.jpg
[2026-09-01 16:08:49,121] INFO - Orchestrator: ============================================================
[2026-09-01 16:08:49,121] INFO - Orchestrator: [STEP 1/5] Running OCR extraction engine...
[2026-09-01 16:10:45,418] INFO - Orchestrator: [STEP 2/5] Running digital tampering analysis...
[2026-09-01 16:10:45,608] INFO - Orchestrator: [STEP 3/5] Validating mathematical checksum...
[2026-09-01 16:10:45,610] INFO - Orchestrator: [STEP 4/5] Cross-checking Secure QR Code payload...
[2026-09-01 16:10:45,729] INFO - Orchestrator: [STEP 5/5] Running typography and pattern heuristics...
[2026-09-01 16:10:47,107] INFO - Orchestrator: [STEP 2/5] Running digital tampering analysis...
[2026-09-01 16:10:47,195] INFO - Orchestrator: [STEP 3/5] Validating mathematical checksum...
[2026-09-01 16:10:47,196] INFO - Orchestrator: [STEP 4/5] Cross-checking Secure QR Code payload...
[2026-09-01 16:10:47,315] INFO - Orchestrator: [STEP 5/5] Running typography and pattern heuristics...
[2026-09-01 16:12:37,099] INFO - Orchestrator: DocumentAnalyzer initialized with multi-layer forensic weights.
[2026-09-01 16:12:37,100] INFO - Orchestrator: ============================================================
[2026-09-01 16:12:37,101] INFO - Orchestrator: Starting analysis for Aadhaar Card
[2026-09-01 16:12:37,101] INFO - Orchestrator: Image path: temp_doc.jpg
[2026-09-01 16:12:37,102] INFO - Orchestrator: ============================================================
[2026-09-01 16:12:37,102] INFO - Orchestrator: [STEP 1/5] Running OCR extraction engine...
[2026-09-01 16:13:39,919] INFO - Orchestrator: [STEP 2/5] Running digital tampering analysis...
[2026-09-01 16:13:39,980] INFO - Orchestrator: [STEP 3/5] Validating mathematical checksum...
[2026-09-01 16:13:39,981] INFO - Orchestrator: [STEP 4/5] Cross-checking Secure QR Code payload...
[2026-09-01 16:13:40,090] INFO - Orchestrator: [STEP 5/5] Running typography and pattern heuristics...
[2026-09-01 16:14:35,144] INFO - Orchestrator: DocumentAnalyzer initialized with multi-layer forensic weights.
[2026-09-01 16:14:35,144] INFO - Orchestrator: ============================================================
[2026-09-01 16:14:35,145] INFO - Orchestrator: Starting analysis for Aadhaar Card
[2026-09-01 16:14:35,145] INFO - Orchestrator: Image path: temp_doc.jpg
[2026-09-01 16:14:35,146] INFO - Orchestrator: ============================================================
[2026-09-01 16:14:35,146] INFO - Orchestrator: [STEP 1/5] Running OCR extraction engine...
[2026-09-01 21:57:42,938] INFO - Orchestrator: [STEP 2/5] Running digital tampering analysis...
[2026-09-01 21:57:43,023] INFO - Orchestrator: [STEP 3/5] Validating mathematical checksum...
[2026-09-01 21:57:43,028] INFO - Orchestrator: [STEP 4/5] Cross-checking Secure QR Code payload...
[2026-09-01 21:57:43,089] INFO - Orchestrator: [STEP 5/5] Running typography and pattern heuristics...
[2026-09-02 23:56:12,452] INFO - Orchestrator: DocumentAnalyzer initialized with multi-layer forensic weights.
[2026-09-02 23:56:12,454] INFO - Orchestrator: ============================================================
[2026-09-02 23:56:12,454] INFO - Orchestrator: Starting analysis for Aadhaar Card
[2026-09-02 23:56:12,454] INFO - Orchestrator: Image path: temp_doc.jpg
[2026-09-02 23:56:12,455] INFO - Orchestrator: ============================================================
[2026-09-02 23:56:12,455] INFO - Orchestrator: [STEP 1/5] Running OCR extraction engine...
[2026-09-02 23:56:44,750] WARNING - easyocr.easyocr: Using CPU. Note: This module is much faster with a GPU.
[2026-09-02 23:56:44,757] WARNING - easyocr.easyocr: Downloading detection model, please wait. This may take several minutes depending upon your network connection.
[2026-09-02 23:56:50,260] INFO - easyocr.easyocr: Download complete
[2026-09-02 23:56:50,261] WARNING - easyocr.easyocr: Downloading recognition model, please wait. This may take several minutes depending upon your network connection.
[2026-09-02 23:57:06,730] INFO - easyocr.easyocr: Download complete.
[2026-09-02 23:58:01,216] INFO - Orchestrator: [STEP 2/5] Running digital tampering analysis...
[2026-09-02 23:58:01,303] INFO - Orchestrator: [STEP 3/5] Validating mathematical checksum...
[2026-09-02 23:58:01,332] INFO - Orchestrator: [STEP 4/5] Cross-checking Secure QR Code payload...
[2026-09-02 23:58:01,887] INFO - Orchestrator: [STEP 5/5] Running typography and pattern heuristics...
[2026-09-03 00:12:02,995] ERROR - asyncio: Exception in callback _ProactorBasePipeTransport._call_connection_lost()
handle: <Handle _ProactorBasePipeTransport._call_connection_lost()>
Traceback (most recent call last):
  File "C:\Users\Soham\AppData\Local\Programs\Python\Python314\Lib\asyncio\events.py", line 94, in _run
    self._context.run(self._callback, *self._args)
    ~~~~~~~~~~~~~~~~~^^^^^^^^^^^^^^^^^^^^^^^^^^^^^
  File "C:\Users\Soham\AppData\Local\Programs\Python\Python314\Lib\asyncio\proactor_events.py", line 165, in _call_connection_lost
    self._sock.shutdown(socket.SHUT_RDWR)
    ~~~~~~~~~~~~~~~~~~~^^^^^^^^^^^^^^^^^^
ConnectionResetError: [WinError 10054] An existing connection was forcibly closed by the remote host
[2026-09-03 00:49:37,690] INFO - Orchestrator: DocumentAnalyzer initialized with Multi-Signal Forensic Architecture.
[2026-09-03 00:49:37,690] INFO - Orchestrator: ============================================================
[2026-09-03 00:49:37,691] INFO - Orchestrator: Starting Multi-Signal Analysis for: Aadhaar Card
[2026-09-03 00:49:37,691] INFO - Orchestrator: Target Image: temp_doc.jpg
[2026-09-03 00:49:37,691] INFO - Orchestrator: ============================================================
[2026-09-03 00:49:37,723] INFO - Orchestrator: [GATE 0] Checking image quality (blur & illumination)...
[2026-09-03 00:49:37,768] INFO - Orchestrator: [STEP 1/7] Running OCR extraction engine...
[2026-09-03 00:49:49,464] WARNING - easyocr.easyocr: Using CPU. Note: This module is much faster with a GPU.
[2026-09-03 00:50:49,758] INFO - Orchestrator: [STEP 2/7] Running digital tampering analysis (ELA)...
[2026-09-03 00:50:49,882] INFO - Orchestrator: [STEP 3/7] Validating mathematical checksum / identifier format...
[2026-09-03 00:50:49,891] INFO - Orchestrator: [STEP 4/7] Inspecting QR payload integrity...
[2026-09-03 00:50:50,101] INFO - Orchestrator: [STEP 5/7] Evaluating typography consistency...
[2026-09-03 00:50:50,153] INFO - Orchestrator: [STEP 6/7] Running Moiré frequency & Copy-Move detectors...
[2026-09-03 00:50:51,922] INFO - Orchestrator: [STEP 7/7] Applying Hard Security Gates...
[2026-09-03 01:02:45,549] INFO - Orchestrator: DocumentAnalyzer initialized with Multi-Signal Forensic Architecture.
[2026-09-03 01:02:45,549] INFO - Orchestrator: ============================================================
[2026-09-03 01:02:45,550] INFO - Orchestrator: Starting Multi-Signal Analysis for: Aadhaar Card
[2026-09-03 01:02:45,550] INFO - Orchestrator: Target Image: temp_doc.jpg
[2026-09-03 01:02:45,550] INFO - Orchestrator: ============================================================
[2026-09-03 01:02:45,590] INFO - Orchestrator: [GATE 0] Checking image quality (blur & illumination)...
[2026-09-03 01:02:45,646] INFO - Orchestrator: [STEP 1/7] Running OCR extraction engine...
[2026-09-03 01:02:55,569] WARNING - easyocr.easyocr: Using CPU. Note: This module is much faster with a GPU.
[2026-09-03 01:03:53,167] INFO - Orchestrator: [STEP 2/7] Running digital tampering analysis (ELA)...
[2026-09-03 01:03:53,287] INFO - Orchestrator: [STEP 3/7] Validating mathematical checksum / identifier format...
[2026-09-03 01:03:53,293] INFO - Orchestrator: [STEP 4/7] Inspecting QR payload integrity...
[2026-09-03 01:03:53,426] INFO - Orchestrator: [STEP 5/7] Evaluating typography consistency...
[2026-09-03 01:03:53,476] INFO - Orchestrator: [STEP 6/7] Running Moiré frequency & Copy-Move detectors...
[2026-09-03 01:03:54,653] ERROR - Orchestrator: Fatal error during analysis: 'ForensicEngine' object has no attribute 'validate_semantics'
[2026-09-03 01:03:54,665] ERROR - Orchestrator: Traceback (most recent call last):
  File "E:\my_opp-main\fake_id_app\orchestrator.py", line 174, in analyze_document
    semantic_res = self.forensic.validate_semantics(
                   ^^^^^^^^^^^^^^^^^^^^^^^^^^^^^^^^
AttributeError: 'ForensicEngine' object has no attribute 'validate_semantics'

[2026-09-03 01:09:28,449] INFO - Orchestrator: DocumentAnalyzer initialized with Multi-Signal Forensic Architecture.
[2026-09-03 01:09:28,450] INFO - Orchestrator: ============================================================
[2026-09-03 01:09:28,451] INFO - Orchestrator: Starting Multi-Signal Analysis for: Aadhaar Card
[2026-09-03 01:09:28,451] INFO - Orchestrator: Target Image: temp_doc.jpg
[2026-09-03 01:09:28,452] INFO - Orchestrator: ============================================================
[2026-09-03 01:09:28,557] INFO - Orchestrator: [GATE 0] Checking image quality (blur & illumination)...
[2026-09-03 01:09:28,715] INFO - Orchestrator: [STEP 1/7] Running OCR extraction engine...
[2026-09-03 01:10:16,530] INFO - Orchestrator: [STEP 2/7] Running digital tampering analysis (ELA)...
[2026-09-03 01:10:16,832] INFO - Orchestrator: [STEP 3/7] Validating mathematical checksum / identifier format...
[2026-09-03 01:10:16,836] INFO - Orchestrator: [STEP 4/7] Inspecting QR payload integrity...
[2026-09-03 01:10:17,101] INFO - Orchestrator: [STEP 5/7] Evaluating typography consistency...
[2026-09-03 01:10:17,327] INFO - Orchestrator: [STEP 6/7] Running Moiré frequency & Copy-Move detectors...
[2026-09-03 01:10:17,747] ERROR - Orchestrator: Fatal error during analysis: 'ForensicEngine' object has no attribute 'validate_semantics'
[2026-09-03 01:10:17,760] ERROR - Orchestrator: Traceback (most recent call last):
  File "E:\my_opp-main\fake_id_app\orchestrator.py", line 174, in analyze_document
    semantic_res = self.forensic.validate_semantics(
                   ^^^^^^^^^^^^^^^^^^^^^^^^^^^^^^^^
AttributeError: 'ForensicEngine' object has no attribute 'validate_semantics'

[2026-09-03 01:17:31,682] INFO - Orchestrator: DocumentAnalyzer initialized with Multi-Signal Forensic Architecture.
[2026-09-03 01:17:31,684] INFO - Orchestrator: ============================================================
[2026-09-03 01:17:31,685] INFO - Orchestrator: Starting Multi-Signal Analysis for: Aadhaar Card
[2026-09-03 01:17:31,685] INFO - Orchestrator: Target Image: temp_doc.jpg
[2026-09-03 01:17:31,686] INFO - Orchestrator: ============================================================
[2026-09-03 01:17:31,761] INFO - Orchestrator: [GATE 0] Checking image quality (blur & illumination)...
[2026-09-03 01:17:31,846] INFO - Orchestrator: [STEP 1/7] Running OCR extraction engine...
[2026-09-03 01:17:51,444] INFO - Orchestrator: [STEP 2/7] Running digital tampering analysis (ELA)...
[2026-09-03 01:17:51,647] INFO - Orchestrator: [STEP 3/7] Validating mathematical checksum / identifier format...
[2026-09-03 01:17:51,647] INFO - Orchestrator: [STEP 4/7] Inspecting QR payload integrity...
[2026-09-03 01:17:51,756] INFO - Orchestrator: [STEP 5/7] Evaluating typography consistency...
[2026-09-03 01:17:51,797] INFO - Orchestrator: [STEP 6/7] Running Moiré frequency & Copy-Move detectors...
[2026-09-03 01:17:51,959] ERROR - Orchestrator: Fatal error during analysis: 'ForensicEngine' object has no attribute 'validate_semantics'
[2026-09-03 01:17:51,984] ERROR - Orchestrator: Traceback (most recent call last):
  File "E:\my_opp-main\fake_id_app\orchestrator.py", line 174, in analyze_document
    semantic_res = self.forensic.validate_semantics(
                   ^^^^^^^^^^^^^^^^^^^^^^^^^^^^^^^^
AttributeError: 'ForensicEngine' object has no attribute 'validate_semantics'

[2026-09-03 01:57:28,970] ERROR - asyncio: Exception in callback _ProactorBasePipeTransport._call_connection_lost()
handle: <Handle _ProactorBasePipeTransport._call_connection_lost()>
Traceback (most recent call last):
  File "C:\Users\Soham\AppData\Local\Programs\Python\Python314\Lib\asyncio\events.py", line 94, in _run
    self._context.run(self._callback, *self._args)
    ~~~~~~~~~~~~~~~~~^^^^^^^^^^^^^^^^^^^^^^^^^^^^^
  File "C:\Users\Soham\AppData\Local\Programs\Python\Python314\Lib\asyncio\proactor_events.py", line 165, in _call_connection_lost
    self._sock.shutdown(socket.SHUT_RDWR)
    ~~~~~~~~~~~~~~~~~~~^^^^^^^^^^^^^^^^^^
ConnectionResetError: [WinError 10054] An existing connection was forcibly closed by the remote host
[2026-09-03 01:57:29,642] ERROR - asyncio: Exception in callback _ProactorBasePipeTransport._call_connection_lost()
handle: <Handle _ProactorBasePipeTransport._call_connection_lost()>
Traceback (most recent call last):
  File "C:\Users\Soham\AppData\Local\Programs\Python\Python314\Lib\asyncio\events.py", line 94, in _run
    self._context.run(self._callback, *self._args)
    ~~~~~~~~~~~~~~~~~^^^^^^^^^^^^^^^^^^^^^^^^^^^^^
  File "C:\Users\Soham\AppData\Local\Programs\Python\Python314\Lib\asyncio\proactor_events.py", line 165, in _call_connection_lost
    self._sock.shutdown(socket.SHUT_RDWR)
    ~~~~~~~~~~~~~~~~~~~^^^^^^^^^^^^^^^^^^
ConnectionResetError: [WinError 10054] An existing connection was forcibly closed by the remote host
